// Jest Snapshot v1, https://goo.gl/fbAQLP

exports[`ResponsiveService generateSrcset snapshot 1`] = `"https://fake.imagekit.io/foo.jpg?tr:w-320,f-webp 320w, https://fake.imagekit.io/foo.jpg?tr:w-640,f-webp 640w, https://fake.imagekit.io/foo.jpg?tr:w-1280,f-webp 1280w"`;
